// Jest Snapshot v1, https://goo.gl/fbAQLP

exports[`react-test-renderer Renders TestApp correctly. 1`] = `"Sup I'm a JSX fragment."`;
